
Memory Configuration

Name             Origin             Length             Attributes
flash            0x00000000         0x20000000         xr
sram             0x20000000         0x20000000         xrw
*default*        0x00000000         0xffffffff

Linker script and memory map


.text           0x00000000      0x218
 *(.vectors*)
 .vectors       0x00000000       0x10 startup.o
                0x00000000                g_p_fn_vectors
 *(.text*)
 .text          0x00000010      0x14c main.o
                0x00000010                _sbrk
                0x00000090                main
 .text          0x0000015c       0xbc startup.o
                0x0000015c                H_fault_Handler
                0x0000015c                Default_Handler
                0x0000015c                NMI_Handler
                0x00000168                Reset_Handler
 *(.rodata)
                0x00000218                _E_text = .
                0x00000218                . = ALIGN (0x4)

.glue_7         0x00000218        0x0
 .glue_7        0x00000000        0x0 linker stubs

.glue_7t        0x00000218        0x0
 .glue_7t       0x00000000        0x0 linker stubs

.vfp11_veneer   0x00000218        0x0
 .vfp11_veneer  0x00000000        0x0 linker stubs

.v4_bx          0x00000218        0x0
 .v4_bx         0x00000000        0x0 linker stubs

.iplt           0x00000218        0x0
 .iplt          0x00000000        0x0 main.o

.rel.dyn        0x00000218        0x0
 .rel.iplt      0x00000000        0x0 main.o

.data           0x20000000        0x0 load address 0x00000218
                0x20000000                _S_data = .
 *(.data)
 .data          0x20000000        0x0 main.o
 .data          0x20000000        0x0 startup.o
 *(.data.*)
                0x20000000                _E_data = .
                0x20000000                . = ALIGN (0x4)

.igot.plt       0x20000000        0x0 load address 0x00000218
 .igot.plt      0x00000000        0x0 main.o

.bss            0x20000000      0x404 load address 0x00000218
                0x20000000                _S_bss = .
 *(.bss*)
 .bss           0x20000000        0x4 main.o
 .bss           0x20000004      0x400 startup.o
 *(COMMON)
                0x20000404                _E_bss = .
                0x20000404                . = ALIGN (0x4)
                0x20000404                . = ALIGN (0x4)
                0x200007ec                . = (. + 0x3e8)
                0x200007ec                _heap_end = .
                0x200007ec                . = ALIGN (0x4)
                0x20000bd4                . = (. + 0x3e8)
                0x20000bd4                _stack_top = .
LOAD main.o
LOAD startup.o
OUTPUT(tiva_C_lab4.elf elf32-littlearm)

.debug_info     0x00000000      0x2bb
 .debug_info    0x00000000      0x144 main.o
 .debug_info    0x00000144      0x177 startup.o

.debug_abbrev   0x00000000      0x178
 .debug_abbrev  0x00000000       0xb7 main.o
 .debug_abbrev  0x000000b7       0xc1 startup.o

.debug_loc      0x00000000       0xd4
 .debug_loc     0x00000000       0x70 main.o
 .debug_loc     0x00000070       0x64 startup.o

.debug_aranges  0x00000000       0x40
 .debug_aranges
                0x00000000       0x20 main.o
 .debug_aranges
                0x00000020       0x20 startup.o

.debug_line     0x00000000       0xe4
 .debug_line    0x00000000       0x7c main.o
 .debug_line    0x0000007c       0x68 startup.o

.debug_str      0x00000000      0x17f
 .debug_str     0x00000000      0x100 main.o
                                0x142 (size before relaxing)
 .debug_str     0x00000100       0x7f startup.o
                                0x184 (size before relaxing)

.comment        0x00000000       0x11
 .comment       0x00000000       0x11 main.o
                                 0x12 (size before relaxing)
 .comment       0x00000000       0x12 startup.o

.ARM.attributes
                0x00000000       0x33
 .ARM.attributes
                0x00000000       0x33 main.o
 .ARM.attributes
                0x00000033       0x33 startup.o

.debug_frame    0x00000000       0x98
 .debug_frame   0x00000000       0x4c main.o
 .debug_frame   0x0000004c       0x4c startup.o
