
Memory Configuration

Name             Origin             Length             Attributes
flash            0x00000000         0x20000000         xr
sram             0x20000000         0x20000000         xrw
*default*        0x00000000         0xffffffff

Linker script and memory map


.text           0x00000000      0x188
 *(.vectors*)
 .vectors       0x00000000       0x10 startup.o
                0x00000000                g_p_fn_vectors
 *(.text*)
 .text          0x00000010       0xbc main.o
                0x00000010                main
 .text          0x000000cc       0xbc startup.o
                0x000000cc                H_fault_Handler
                0x000000cc                Default_Handler
                0x000000cc                NMI_Handler
                0x000000d8                Reset_Handler
 *(.rodata)
                0x00000188                _E_text = .
                0x00000188                . = ALIGN (0x4)

.glue_7         0x00000188        0x0
 .glue_7        0x00000000        0x0 linker stubs

.glue_7t        0x00000188        0x0
 .glue_7t       0x00000000        0x0 linker stubs

.vfp11_veneer   0x00000188        0x0
 .vfp11_veneer  0x00000000        0x0 linker stubs

.v4_bx          0x00000188        0x0
 .v4_bx         0x00000000        0x0 linker stubs

.iplt           0x00000188        0x0
 .iplt          0x00000000        0x0 main.o

.rel.dyn        0x00000188        0x0
 .rel.iplt      0x00000000        0x0 main.o

.data           0x20000000        0x0 load address 0x00000188
                0x20000000                _S_data = .
 *(.data)
 .data          0x20000000        0x0 main.o
 .data          0x20000000        0x0 startup.o
                0x20000000                _E_data = .
                0x20000000                . = ALIGN (0x4)

.igot.plt       0x20000000        0x0 load address 0x00000188
 .igot.plt      0x00000000        0x0 main.o

.bss            0x20000000      0x400 load address 0x00000188
                0x20000000                _S_bss = .
 *(.bss*)
 .bss           0x20000000        0x0 main.o
 .bss           0x20000000      0x400 startup.o
 *(COMMON)
                0x20000400                _E_bss = .
                0x20000400                . = ALIGN (0x4)
                0x20001400                _stack_top = (. + 0x1000)
LOAD main.o
LOAD startup.o
OUTPUT(tiva_C_lab4.elf elf32-littlearm)

.debug_info     0x00000000      0x1d4
 .debug_info    0x00000000       0x5d main.o
 .debug_info    0x0000005d      0x177 startup.o

.debug_abbrev   0x00000000      0x112
 .debug_abbrev  0x00000000       0x51 main.o
 .debug_abbrev  0x00000051       0xc1 startup.o

.debug_loc      0x00000000       0x9c
 .debug_loc     0x00000000       0x38 main.o
 .debug_loc     0x00000038       0x64 startup.o

.debug_aranges  0x00000000       0x40
 .debug_aranges
                0x00000000       0x20 main.o
 .debug_aranges
                0x00000020       0x20 startup.o

.debug_line     0x00000000       0xcc
 .debug_line    0x00000000       0x64 main.o
 .debug_line    0x00000064       0x68 startup.o

.debug_str      0x00000000      0x14f
 .debug_str     0x00000000       0x70 main.o
 .debug_str     0x00000070       0xdf startup.o
                                0x177 (size before relaxing)

.comment        0x00000000       0x11
 .comment       0x00000000       0x11 main.o
                                 0x12 (size before relaxing)
 .comment       0x00000000       0x12 startup.o

.ARM.attributes
                0x00000000       0x33
 .ARM.attributes
                0x00000000       0x33 main.o
 .ARM.attributes
                0x00000033       0x33 startup.o

.debug_frame    0x00000000       0x78
 .debug_frame   0x00000000       0x2c main.o
 .debug_frame   0x0000002c       0x4c startup.o
